01:36:53 **** Build of configuration Debug for project GPIOs ****
make -j8 all 
arm-none-eabi-gcc -mcpu=cortex-m4 -g3 -DDEBUG -c -x assembler-with-cpp -MMD -MP -MF"Startup/startup_stm32f429xx.d" -MT"Startup/startup_stm32f429xx.o" --specs=nano.specs -mfpu=fpv4-sp-d16 -mfloat-abi=hard -mthumb -o "Startup/startup_stm32f429xx.o" "../Startup/startup_stm32f429xx.s"
arm-none-eabi-gcc "../Core/Src/main.c" -mcpu=cortex-m4 -std=gnu11 -g3 -DDEBUG -DSTM32F429xx -c -I"C:/Users/Engineering/GitHub/Embedded_Systems/The_Beginning/CMSIS/Include" -I"C:/Users/Engineering/GitHub/Embedded_Systems/The_Beginning/Core/Inc" -O0 -ffunction-sections -fdata-sections -Wall -fstack-usage -fcyclomatic-complexity -MMD -MP -MF"Core/Src/main.d" -MT"Core/Src/main.o" --specs=nano.specs -mfpu=fpv4-sp-d16 -mfloat-abi=hard -mthumb -o "Core/Src/main.o"
arm-none-eabi-gcc "../Core/Src/syscalls.c" -mcpu=cortex-m4 -std=gnu11 -g3 -DDEBUG -DSTM32F429xx -c -I"C:/Users/Engineering/GitHub/Embedded_Systems/The_Beginning/CMSIS/Include" -I"C:/Users/Engineering/GitHub/Embedded_Systems/The_Beginning/Core/Inc" -O0 -ffunction-sections -fdata-sections -Wall -fstack-usage -fcyclomatic-complexity -MMD -MP -MF"Core/Src/syscalls.d" -MT"Core/Src/syscalls.o" --specs=nano.specs -mfpu=fpv4-sp-d16 -mfloat-abi=hard -mthumb -o "Core/Src/syscalls.o"
arm-none-eabi-gcc "../Core/Src/sysmem.c" -mcpu=cortex-m4 -std=gnu11 -g3 -DDEBUG -DSTM32F429xx -c -I"C:/Users/Engineering/GitHub/Embedded_Systems/The_Beginning/CMSIS/Include" -I"C:/Users/Engineering/GitHub/Embedded_Systems/The_Beginning/Core/Inc" -O0 -ffunction-sections -fdata-sections -Wall -fstack-usage -fcyclomatic-complexity -MMD -MP -MF"Core/Src/sysmem.d" -MT"Core/Src/sysmem.o" --specs=nano.specs -mfpu=fpv4-sp-d16 -mfloat-abi=hard -mthumb -o "Core/Src/sysmem.o"
arm-none-eabi-gcc "../Core/Src/system_stm32f4xx.c" -mcpu=cortex-m4 -std=gnu11 -g3 -DDEBUG -DSTM32F429xx -c -I"C:/Users/Engineering/GitHub/Embedded_Systems/The_Beginning/CMSIS/Include" -I"C:/Users/Engineering/GitHub/Embedded_Systems/The_Beginning/Core/Inc" -O0 -ffunction-sections -fdata-sections -Wall -fstack-usage -fcyclomatic-complexity -MMD -MP -MF"Core/Src/system_stm32f4xx.d" -MT"Core/Src/system_stm32f4xx.o" --specs=nano.specs -mfpu=fpv4-sp-d16 -mfloat-abi=hard -mthumb -o "Core/Src/system_stm32f4xx.o"
arm-none-eabi-gcc -o "GPIOs.elf" @"objects.list"   -mcpu=cortex-m4 -T"C:\Users\Engineering\GitHub\Embedded_Systems\The_Beginning\STM32F429ZITX_FLASH.ld" --specs=nosys.specs -Wl,-Map="GPIOs.map" -Wl,--gc-sections -static --specs=nano.specs -mfpu=fpv4-sp-d16 -mfloat-abi=hard -mthumb -Wl,--start-group -lc -lm -Wl,--end-group
Finished building target: GPIOs.elf
 
arm-none-eabi-size  GPIOs.elf 
arm-none-eabi-objdump -h -S GPIOs.elf  > "GPIOs.list"
   text	   data	    bss	    dec	    hex	filename
    724	      0	   1568	   2292	    8f4	GPIOs.elf
Finished building: default.size.stdout
 
Finished building: GPIOs.list
 

01:36:54 Build Finished. 0 errors, 0 warnings. (took 1s.43ms)

